2026-08-05 14:16:44 | INFO     | p2p_knowledge_hub.ingestion.markdown_loader:load:103 | Markdown extraction completed: document_id=bd90f3fc-abaf-46b3-80fa-4cc0721295cc units=20
2026-08-05 15:35:42 | INFO     | p2p_knowledge_hub.ingestion.markdown_loader:load:103 | Markdown extraction completed: document_id=df0a8312-26fc-4bea-9e05-a177169d9029 units=20
2026-08-05 15:36:09 | INFO     | p2p_knowledge_hub.ingestion.markdown_loader:load:103 | Markdown extraction completed: document_id=85f9f1e0-8068-43df-be57-1ad187e3b196 units=20
2026-08-05 15:59:37 | INFO     | p2p_knowledge_hub.ingestion.markdown_loader:load:103 | Markdown extraction completed: document_id=0341e879-6816-4187-8db6-6901749bc899 units=20
2026-08-05 16:00:42 | INFO     | p2p_knowledge_hub.ingestion.markdown_loader:load:103 | Markdown extraction completed: document_id=51181770-74e7-4a80-bcca-4376a039995e units=20
2026-08-05 16:06:12 | INFO     | p2p_knowledge_hub.ingestion.markdown_loader:load:103 | Markdown extraction completed: document_id=63987622-99e8-4116-bd89-d915cfc5e762 units=20
2026-08-05 16:12:06 | INFO     | p2p_knowledge_hub.ingestion.markdown_loader:load:103 | Markdown extraction completed: document_id=dd6cd8ed-6bd5-4a17-a46f-d1028eac097a units=20
2026-08-05 16:13:03 | INFO     | p2p_knowledge_hub.ingestion.markdown_loader:load:103 | Markdown extraction completed: document_id=9e503292-41ef-427e-99ff-564aaa74e61c units=20
2026-08-05 16:19:18 | INFO     | p2p_knowledge_hub.ingestion.markdown_loader:load:103 | Markdown extraction completed: document_id=2635b7a1-4613-4249-8027-85b355806829 units=20
2026-08-05 16:19:18 | WARNING  | __main__:chunk:21 | No chunks produced: document_id=2635b7a1-4613-4249-8027-85b355806829 section=None page_no=None
2026-08-05 16:21:09 | INFO     | p2p_knowledge_hub.ingestion.markdown_loader:load:103 | Markdown extraction completed: document_id=ee1f218b-d2b1-414c-b3d2-37762d22f141 units=20
2026-08-05 16:21:09 | WARNING  | __main__:chunk:21 | No chunks produced: document_id=ee1f218b-d2b1-414c-b3d2-37762d22f141 section=None page_no=None
2026-08-05 23:57:53 | INFO     | p2p_knowledge_hub.ingestion.markdown_loader:load:103 | Markdown extraction completed: document_id=4cb39d68-017d-48fd-8734-38d99097573c units=20
2026-08-06 00:00:10 | INFO     | p2p_knowledge_hub.ingestion.markdown_loader:load:103 | Markdown extraction completed: document_id=2b8531a4-c58f-4336-87ab-bece72f8cdc5 units=20
2026-08-06 00:00:10 | WARNING  | p2p_knowledge_hub.chunking.recursive_chunker:chunk:22 | No chunks produced: document_id=2b8531a4-c58f-4336-87ab-bece72f8cdc5 section=None page_no=None
2026-08-06 00:01:57 | INFO     | p2p_knowledge_hub.ingestion.markdown_loader:load:103 | Markdown extraction completed: document_id=47731cc6-9465-47ba-9a69-6ee716ae5ae9 units=20
2026-08-06 00:01:57 | WARNING  | p2p_knowledge_hub.chunking.recursive_chunker:chunk:22 | No chunks produced: document_id=47731cc6-9465-47ba-9a69-6ee716ae5ae9 section=None page_no=None
2026-08-06 00:09:31 | INFO     | p2p_knowledge_hub.ingestion.markdown_loader:load:103 | Markdown extraction completed: document_id=521601d9-e2d3-49bd-8b6c-45c4dc86f60f units=20
2026-08-06 00:09:31 | WARNING  | p2p_knowledge_hub.chunking.recursive_chunker:chunk:22 | No chunks produced: document_id=521601d9-e2d3-49bd-8b6c-45c4dc86f60f section=None page_no=None
2026-08-06 00:10:52 | INFO     | p2p_knowledge_hub.ingestion.markdown_loader:load:103 | Markdown extraction completed: document_id=5c533386-6bc3-4fa8-84b1-6266219a4bc1 units=20
2026-08-06 00:10:52 | WARNING  | p2p_knowledge_hub.chunking.recursive_chunker:chunk:22 | No chunks produced: document_id=5c533386-6bc3-4fa8-84b1-6266219a4bc1 section=None page_no=None
2026-08-06 00:12:19 | INFO     | p2p_knowledge_hub.ingestion.markdown_loader:load:103 | Markdown extraction completed: document_id=55744e01-58c1-473e-8172-089c5a3968ad units=8
2026-08-06 00:15:02 | INFO     | p2p_knowledge_hub.ingestion.markdown_loader:load:103 | Markdown extraction completed: document_id=b7bf7b7d-abfb-4d1b-8fdf-a5a333c0c06c units=8
2026-08-06 00:15:24 | INFO     | p2p_knowledge_hub.ingestion.markdown_loader:load:103 | Markdown extraction completed: document_id=778e9ef0-9148-4a00-b1cd-cf8ea751dbe9 units=8
2026-08-06 00:17:54 | INFO     | p2p_knowledge_hub.ingestion.markdown_loader:load:103 | Markdown extraction completed: document_id=507f8159-285a-4c0b-b73e-84100946cbc5 units=8
